  sap · live monitor                                                            
╭────────────────────────────────────────────────────────────────────────────╮  
│ serve request                                                       8.1s ✓ │  
│ ────────────────────────────────────────────────────────────────────────── │  
│ * request.received                                                  +100ms │  
│ ╭────────────────────────────────────────────────────────────────────────╮ │  
│ │ load user                                                       2.5s ✓ │ │  
│ ╰────────────────────────────────────────────────────────────────────────╯ │  
│ ╭────────────────────────────────────────────────────────────────────────╮ │  
│ │ assemble response                                               3.2s ✓ │ │  
│ │ ────────────────────────────────────────────────────────────────────── │ │  
│ │ * warning                                                        +1.4s │ │  
│ ╰────────────────────────────────────────────────────────────────────────╯ │  
│ ────────────────────────────────────────────────────────────────────────── │  
│ * recoverable.error                                                  +8.1s │  
╰────────────────────────────────────────────────────────────────────────────╯  
                                                                                
                                                                                
                                                                                
                                                                                
                                                                                
                                                                                
                                                                                
roots 1 · ●  ↑/↓ scroll · g top · G bottom · p pause · c clear · ? help · q quit